=== tradegoods file ===
goods found in 00_tradegoods.txt (in file order): 32
['grain', 'wine', 'wool', 'cloth', 'fish', 'fur', 'salt', 'naval_supplies', 'copper', 'gold', 'iron', 'slaves', 'ivory', 'tea', 'chinaware', 'spices', 'coffee', 'cotton', 'sugar', 'tobacco', 'cocoa', 'silk', 'dyes', 'tropical_wood', 'livestock', 'incense', 'glass', 'paper', 'gems', 'coal', 'cloves', 'unknown']

=== node blocks ===
node= blocks found under trade={}: 80
distribution of trade_goods_size slot counts: {33: 80}
nodes with NO trade_goods_size array: []

=== Y1280: slot map ===
modal slot count: 33   all-80-agree: True

=== Y1282: all-zero slots ===
slot indices (0-indexed, matching raw array position) that are all-zero across all 80 nodes: [0, 30, 32]
slots that are nonzero somewhere: [1, 2, 3, 4, 5, 6, 7, 8, 9, 10, 11, 12, 13, 14, 15, 16, 17, 18, 19, 20, 21, 22, 23, 24, 25, 26, 27, 28, 29, 31]  count: 30

=== Y1310: province-level produced-quantity fields ===
total province records scanned: 4941
owned province records among them: 2639
candidate produced-quantity field hit counts among OWNED provinces: {'base_production': 2639, 'trade_goods': 2639}
ALL distinct top-level province field names seen, with province-record counts (top 60 by frequency):
  discovered_by                  4941
  trade_goods                    4941
  institutions                   4941
  name                           4941
  trade_power                    3925
  likely_rebels                  3925
  ub                             3925
  history                        3780
  discovery_dates2               3627
  discovery_religion_dates2      3627
  trade                          3369
  base_production                3272
  base_manpower                  3272
  original_tax                   3272
  base_tax                       3272
  capital                        3265
  native_culture                 3261
  original_religion              3261
  culture                        3261
  religion                       3261
  original_culture               3261
  cores                          2476
  is_city                        2472
  owner                          2472
  previous_controller            2472
  rebel_faction                  2472
  controller                     2472
  local_autonomy                 1218
  fort_influencing               1144
  native_ferocity                1040
  native_hostileness             1026
  garrison                       806
  native_size                    803
  patrol                         793
  unit                           755
  winter                         509
  previous_winter                462
  center_of_trade                363
  tribal_owner                   289
  buildings                      252
  building_builders              252
  hre                            198
  great_projects                 130
  modifier                       119
  merchant_construction          79
  latent_trade_goods             58
  triggered_modifier             34
  applied_triggered_modifier     23
  unrest                         21
  devastation                    11
  seat_in_parliament             8
  start_pretender_name           4
  nationalism                    4
  start_rebel_type               4
  claims                         3
  start_rebel_size               3
  occupying_rebel_faction        3
  country_improve_count          1

=== Y1281: Jaccard(slot-map good-set, province-membership good-set) ===
provinces with live trade_goods=unknown at save time: {'unknown_unowned': 2302} (cross-check: expect 0 owned -- engine has already rolled every owned province by save time)
Test A -- ALL member provinces (owned + unowned/native), 'unknown' dropped from both sides:
-- all members --
  aggregate (pooled) Jaccard: 0.973315  mean-of-per-node Jaccard: 0.965925
  nodes with imperfect Jaccard: 8
    ('rio_grande', 0.5714285714285714, [], ['gold', 'livestock', 'tobacco'])
    ('james_bay', 0.5, [], ['copper', 'fish', 'naval_supplies'])
    ('california', 0.8333333333333334, [], ['livestock'])
    ('mississippi_river', 0.8571428571428571, [], ['wool'])
    ('ohio', 0.42857142857142855, [], ['copper', 'livestock', 'naval_supplies', 'wool'])
    ('mexico', 0.7692307692307693, [], ['coffee', 'livestock', 'naval_supplies'])
    ('chesapeake_bay', 0.7142857142857143, [], ['copper', 'grain'])
    ('st_lawrence', 0.6, [], ['iron', 'tobacco'])

Test B -- OWNED member provinces only (matches solver.province_table's own filter):
-- owned members only --
  aggregate (pooled) Jaccard: 1.0  mean-of-per-node Jaccard: 1.0
  nodes with imperfect Jaccard: 0

Test C -- per-slot node-set Jaccard (owned provinces only), the transposed formulation:
  slot  1 -> grain            jaccard 1.0000  (slot-nodes=65 good-nodes=65)
  slot  2 -> wine             jaccard 1.0000  (slot-nodes=16 good-nodes=16)
  slot  3 -> wool             jaccard 1.0000  (slot-nodes=44 good-nodes=44)
  slot  4 -> cloth            jaccard 1.0000  (slot-nodes=50 good-nodes=50)
  slot  5 -> fish             jaccard 1.0000  (slot-nodes=42 good-nodes=42)
  slot  6 -> fur              jaccard 1.0000  (slot-nodes=15 good-nodes=15)
  slot  7 -> salt             jaccard 1.0000  (slot-nodes=46 good-nodes=46)
  slot  8 -> naval_supplies   jaccard 1.0000  (slot-nodes=40 good-nodes=40)
  slot  9 -> copper           jaccard 1.0000  (slot-nodes=29 good-nodes=29)
  slot 10 -> gold             jaccard 1.0000  (slot-nodes=19 good-nodes=19)
  slot 11 -> iron             jaccard 1.0000  (slot-nodes=47 good-nodes=47)
  slot 12 -> slaves           jaccard 1.0000  (slot-nodes=10 good-nodes=10)
  slot 13 -> ivory            jaccard 1.0000  (slot-nodes=12 good-nodes=12)
  slot 14 -> tea              jaccard 1.0000  (slot-nodes=10 good-nodes=10)
  slot 15 -> chinaware        jaccard 1.0000  (slot-nodes=9 good-nodes=9)
  slot 16 -> spices           jaccard 1.0000  (slot-nodes=18 good-nodes=18)
  slot 17 -> coffee           jaccard 1.0000  (slot-nodes=8 good-nodes=8)
  slot 18 -> cotton           jaccard 1.0000  (slot-nodes=22 good-nodes=22)
  slot 19 -> sugar            jaccard 1.0000  (slot-nodes=16 good-nodes=16)
  slot 20 -> tobacco          jaccard 1.0000  (slot-nodes=4 good-nodes=4)
  slot 21 -> cocoa            jaccard 1.0000  (slot-nodes=4 good-nodes=4)
  slot 22 -> silk             jaccard 1.0000  (slot-nodes=20 good-nodes=20)
  slot 23 -> dyes             jaccard 1.0000  (slot-nodes=13 good-nodes=13)
  slot 24 -> tropical_wood    jaccard 1.0000  (slot-nodes=16 good-nodes=16)
  slot 25 -> livestock        jaccard 1.0000  (slot-nodes=51 good-nodes=51)
  slot 26 -> incense          jaccard 1.0000  (slot-nodes=10 good-nodes=10)
  slot 27 -> glass            jaccard 1.0000  (slot-nodes=13 good-nodes=13)
  slot 28 -> paper            jaccard 1.0000  (slot-nodes=19 good-nodes=19)
  slot 29 -> gems             jaccard 1.0000  (slot-nodes=24 good-nodes=24)
  slot 31 -> cloves           jaccard 1.0000  (slot-nodes=1 good-nodes=1)
  ALL 30 real-good slots at Jaccard 1.000: True

=== Y1277: Sum_g size(n,g)*price(g) vs local_value, and x12 vs monthly field ===
goods with a current_price entry: 33 sample: {'nogoods': 1.0, 'grain': 2.5, 'wine': 2.5, 'wool': 2.5, 'cloth': 3.0}
nodes with a usable (sizes, local_value) pair: 80
nodes where annual/local_value rounds to exactly 12.00: 57
nodes where monthly (annual/12) matches local_value within 5e-4: 34
aggregate annual sum(size*price): 3917.1
aggregate local_value*12 sum: 4053.56
aggregate shortfall (lv*12 - annual)/ (lv*12), %%: 3.37
non-exact nodes: 46  of which New World: 8
worst offenders (largest local_value*12 - annual, absolute ducats):
   chesapeake_bay       annual=    22.300  local_value*12=    57.828  diff=   35.528  ratio= 4.628  NW=True
   st_lawrence          annual=    10.400  local_value*12=    37.236  diff=   26.836  ratio= 3.352  NW=True
   ohio                 annual=    35.720  local_value*12=    62.448  diff=   26.728  ratio= 6.864  NW=True
   mississippi_river    annual=    21.000  local_value*12=    36.180  diff=   15.180  ratio= 6.965  NW=True
   rio_grande           annual=    14.000  local_value*12=    22.140  diff=    8.140  ratio= 7.588  NW=True
   james_bay            annual=     7.000  local_value*12=    14.040  diff=    7.040  ratio= 5.983  NW=True
   california           annual=     9.180  local_value*12=    14.892  diff=    5.712  ratio= 7.397  NW=True
   hangzhou             annual=   100.200  local_value*12=   103.980  diff=    3.780  ratio=11.564  NW=False
   australia            annual=    23.000  local_value*12=    25.200  diff=    2.200  ratio=10.952  NW=False
   mexico               annual=   103.400  local_value*12=   104.940  diff=    1.540  ratio=11.824  NW=True
   gulf_of_aden         annual=    58.586  local_value*12=    59.844  diff=    1.258  ratio=11.748  NW=False
   canton               annual=    56.760  local_value*12=    57.756  diff=    0.996  ratio=11.793  NW=False
   gulf_of_siam         annual=   100.220  local_value*12=   100.872  diff=    0.652  ratio=11.922  NW=False
   alexandria           annual=    76.780  local_value*12=    77.220  diff=    0.440  ratio=11.932  NW=False
   malacca              annual=   115.876  local_value*12=   116.148  diff=    0.272  ratio=11.972  NW=False
total New World nodes present: 16 of 16 listed
nodes dropped from this comparison (missing sizes/local_value): ['cape_of_good_hope']
nodes where round(monthly,3) == round(local_value,3): 34
abs(monthly-local_value) sorted, first 20: [0.0, 0.0, 0.0, 0.0, 0.0, 0.0, 0.0, 0.0, 0.0, 0.0, 0.0, 0.0, 0.0, 0.0, 0.0001, 0.0003, 0.0003, 0.0003, 0.0003, 0.0003]
abs(monthly-local_value) sorted, count <=0.001: 58  <=0.005: 62  <=0.01: 64  <=0.05: 67

DONE
