================================================================================================
A. the field
================================================================================================
GP_COEFF read from static_modifiers            0.2
TAX_COEFF                                      1.0
counted provinces                              2472
world wealth                                   10607.4
devastated provinces counted                   11
devastation cost in ducats                     13.4
richest single province                        pid 1821 27.00
provinces with trade_goods unknown             0

================================================================================================
B. the installed graph
================================================================================================
Phi_w sinks                                    ['genua', 'hangzhou']
  genua c_w / node-wealth rank                 (2, 4)
  hangzhou c_w / node-wealth rank              (1, 12)
Phase-1 selection                              ['hangzhou']
promotions / fallbacks                         (1, 0)
sources                                        5
source c_w rank range                          (55, 79)
source mean degree vs map                      (2.4, 4.0)
largest |b_w|                                  0.0347
edges oriented                                 159/159
acyclic                                        True
live goods                                     29
sinks per good min/max/mean                    (2, 8, 3.69)
acyclic goods                                  29
fallbacks fired across goods                   0
Phi_w self-coherence edge-goods                55.1
Phi_w self-coherence value-weighted            54.8
ordered pairs connected                        5723 of 6320
ordered pairs connected pct                    90.6
supply contrast range                          (4, 97)
goods with more than one producer              28
single-producer goods                          ['cloves']
demand contrast range                          (211, np.float64(15010.0))

================================================================================================
C. alpha bands and world response
================================================================================================
band containing alpha=2                        ('genua+hangzhou', 1.63, 3.28, 1.65)
widest band on [1,8]                           ('genua+hangzhou', 1.63, 3.28, 1.65)
sink count at alpha 1,1.5,2,3,4,8              [3, 1, 2, 2, 1, 1]
European counted provinces                     824
Europe development x1.02 sinks                 ['genua', 'hangzhou']
Europe development x1.56 sinks                 ['english_channel', 'genua', 'rheinland']
Europe development x2.00 sinks                 ['english_channel', 'genua', 'rheinland']
dev-scaled vs wealth-scaled (max diff)         0.0
sinks under +/-1% wealth noise seed 0          ['genua', 'hangzhou']
sinks under +/-1% wealth noise seed 1          ['genua', 'hangzhou']
sinks under +/-1% wealth noise seed 2          ['genua', 'hangzhou']
cape in-degree                                 2
cape out-degree                                2
ordered pairs routed through the cape          81
route genua -> hangzhou                        NO ROUTE
route north_sea -> hangzhou                    NO ROUTE
route english_channel -> hangzhou              NO ROUTE
route genua -> hangzhou                        None
latent-coal provinces                          58
latent-coal owned and counted                  45
coal activation wealth delta                   214.6
coal activation edge flips                     16

================================================================================================
D. file values
================================================================================================
provincial_production_size block               trade_goods_size = 0.2 ship_recruit_speed = -0.01
its localisation                               Base Production
change_price textual blocks                    161
change_price by tree                           {'events': 93, 'decisions': 0, 'missions': 14, 'common': 1, 'history': 53}
price partition below/exact/above/none         (13, 2, 4, 11)
define TRADING_POLICY_COOLDOWN_MONTHS          12
define TRADE_COMPANY_DAYS_TO_SWAP_LEADER       30
define TRADE_COMPANY_COOLDOWN                  60
apparatus world wealth off                     10607.4
apparatus world wealth on                      10712.7
deleted apparatus in ducats                    105.3
apparatus pct of on-total                      0.98
apparatus pct of v6 field                      0.99
apparatus provinces touched                    89

wrote measure6.out with 66 labelled figures
====================================================================================================
66 computed figures; 8 of them appear verbatim in the spec
====================================================================================================
baseline: 2 check(s) already fail on the unmutated document. They are excluded from
          attribution below -- they are evidence for and against nothing.
            spec: connectivity (second producer)
            spec: phase-1 k census

  [CAUGHT] devastation cost in ducats                   (13.40)
  [CAUGHT] band containing alpha=2                      (1.63)
  [CAUGHT] coal activation wealth delta                 (214.60)
  [CAUGHT] change_price by tree                         (93)
  [MISSED] source mean degree vs map                    (2.40)
  [MISSED] ordered pairs connected                      (6320)
  [NO SITE] richest single province                     (1821 -- the failing check guards a different figure)
  [NO SITE] widest band on [1,8]                        (1.63 -- the failing check guards a different figure)

coverage: 4 of 6 uniquely-locatable spec figures are protected (67%)

30 further figures print a value that occurs more than once in the spec, so a single-site
mutation cannot be aimed at them; they are unscored rather than assumed protected:
   TAX_COEFF                                      (1.0 appears 10x)
   counted provinces                              (2,472 appears 5x)
   world wealth                                   (10,607.40 appears 3x)
   devastated provinces counted                   (11 appears 23x)
     hangzhou c_w / node-wealth rank              (12 appears 32x)
   source c_w rank range                          (55 appears 6x)
   edges oriented                                 (159 appears 17x)
   live goods                                     (29 appears 60x)
   sinks per good min/max/mean                    (3.69 appears 3x)
   acyclic goods                                  (29 appears 60x)
   Phi_w self-coherence edge-goods                (55.1 appears 2x)
   Phi_w self-coherence value-weighted            (54.8 appears 2x)
   ordered pairs connected pct                    (90.6 appears 3x)
   supply contrast range                          (97 appears 2x)
   goods with more than one producer              (28 appears 3x)
   demand contrast range                          (64 appears 2x)
   European counted provinces                     (824 appears 2x)
   ordered pairs routed through the cape          (81 appears 3x)
   latent-coal provinces                          (58 appears 3x)
   latent-coal owned and counted                  (45 appears 11x)
   coal activation edge flips                     (16 appears 28x)
   change_price textual blocks                    (161 appears 3x)
   price partition below/exact/above/none         (11 appears 23x)
   define TRADING_POLICY_COOLDOWN_MONTHS          (12 appears 32x)
   define TRADE_COMPANY_DAYS_TO_SWAP_LEADER       (30 appears 11x)
   define TRADE_COMPANY_COOLDOWN                  (60 appears 15x)
   apparatus world wealth off                     (10,607.40 appears 3x)
   apparatus world wealth on                      (10,712.70 appears 2x)
   deleted apparatus in ducats                    (105.30 appears 3x)
   apparatus provinces touched                    (89 appears 3x)
mutate6.py's score is not this number: it plants errors only in figures verify6 already
checks, so it cannot fail. This is the denominator that matters.
