alpha_Phi = 2   validation: eps = TIE_EPS = 0.001 reproduces the shipped map 159/159, sinks genua, hangzhou

eps      n   sinks                        edges-vs-ship  cyc  promo/fb
1e-13    2   genua,hangzhou               16             False 1/0
1e-12    2   genua,hangzhou               16             False 1/0
1e-11    2   genua,hangzhou               16             False 1/0
3e-11    2   genua,hangzhou               16             False 1/0
1e-10    2   genua,hangzhou               16             False 1/0
3e-10    2   genua,hangzhou               16             False 1/0
1e-09    2   genua,hangzhou               16             False 1/0
3e-09    2   genua,hangzhou               16             False 1/0
1e-08    2   genua,hangzhou               16             False 1/0
1e-07    2   genua,hangzhou               16             False 1/0
1e-06    2   genua,hangzhou               14             False 1/0
1e-05    2   genua,hangzhou               12             False 1/0
0.0001   2   genua,hangzhou               0              False 1/0
0.001    2   genua,hangzhou               0              False 1/0
0.01     2   genua,hangzhou               0              False 1/0
0.1      2   genua,hangzhou               0              False 1/0
1        2   genua,hangzhou               0              False 1/0
3        2   genua,hangzhou               8              False 1/0
10       2   genua,hangzhou               24             False 1/0
100      2   genua,hangzhou               25             False 1/0
1000     2   genua,hangzhou               25             False 1/0
1e+06    2   genua,hangzhou               25             False 1/0
1e+09    2   genua,hangzhou               25             False 1/0
1e+12    2   genua,hangzhou               24             False 1/0

distinct sink sets over the 24 grid points: 1  [('genua', 'hangzhou')]
max edges moved below 1e-4: 16 ; above 3: 25
eps = 0 (first-order term off): agrees with shipped map on 143/159 edges, sinks genua,hangzhou
EPS6 rc=0
