
==============================================================================================
3.2  cape_of_good_hope as a conduit: degree against flow
==============================================================================================
  in- and out-DEGREE both nonzero : 29 of 29 goods
  in- and out-FLOW  both nonzero  : 28 of 29 goods
  goods routing no flow through it: paper

==============================================================================================
3.9  flow_in - flow_out == -b_w, and out-degree is not the same question
==============================================================================================
  identity holds on 80 of 80 nodes; max residual 5.2e-17
  net demanders (-b_w > 0): 36 ; identity holds on 36 of them
  nodes with out-degree > 0 but ZERO outgoing flow: 18 of 80

==============================================================================================
2.3 / 3.6  the uniqueness margin, and the structured second term
==============================================================================================
  aggregate margin at alpha_Phi = 2.0  : 7.527e-06
  aggregate margin at alpha_Phi = 1.5  : 1.267e-07
  per-good floor 3.765e-08 (copper); 2 of 29 at or below HiGHS's 1e-7 default: copper 3.765e-08, paper 8.915e-08
  shipped    : 159 distinct edge costs of 159 ; goods with an alternative optimum 1 of 29 (paper)
  structured : 159 distinct edge costs of 159 ; goods with an alternative optimum 11 of 29 (chinaware, cloth, cocoa, copper, cotton, gems, glass, paper, spices, tropical_wood, wine)

==============================================================================================
2.8  the demand barbell, and razing a Chinese node
==============================================================================================
  sinks among each good's top-8 demanders    : 45 of 232 = 19.4%
  sinks among each good's bottom-8 demanders : 17 of 232 = 7.3%
  zeroing hangzhou  -> sinks ['genua', 'gulf_of_siam']       32 of 159 edges flip
  zeroing beijing   -> sinks ['genua', 'hangzhou']           8 of 159 edges flip

==============================================================================================
1.6  which of this section's aggregate facts move under a different sweep key
==============================================================================================
  sink set                       ('genua', 'hangzhou')    ('genua', 'hangzhou')    
  sink count                     2                        2                        
  promotions                     1                        1                        
  fallbacks                      0                        0                        
  acyclic                        True                     True                     
  edges oriented                 159                      159                      
  genua out-degree               0                        0                        
  genua in-degree                5                        5                        
  cape in-degree                 2                        2                        
  cape out-degree                2                        2                        
  source count                   5                        10                       <== MOVES
  source c_w rank range          (55, 79)                 (40, 76)                 <== MOVES
  source mean degree             2.4                      2.6                      <== MOVES
  cape ordered pairs             81                       42                       <== MOVES
  white_sea reaches hangzhou     True                     True                     
  sevilla reaches ganges_delta   True                     False                    <== MOVES
  sevilla reaches hangzhou       True                     False                    <== MOVES
  english_channel reaches genua  True                     True                     
  ec via champagne               True                     True                     
  facts moving under DEF-descending: 6 of 19

==============================================================================================
1.10  scripted content's exposure to trade nodes, by class
==============================================================================================
  home_trade_node                    36 uses
  *_active_trade_node               165 uses
  *_trade_node_member_province      186 uses
  highest_value_trade_node           38 uses
  TOTAL, four families              425
  `trade_node` tokens outside the four families: 0
  trade-node NAMES appearing in those four trees: 0


==============================================================================================
2.1  the per-good |net| distribution around the 1e-11 zero-flow tolerance
==============================================================================================
  edge-goods at exactly 0        : 2321
  edge-goods above 1e-6          : 2290
  edge-goods strictly between    : 0
  smallest non-zero |net|        : 6.939e-06
  the 1e-11 threshold therefore sits in an empty band

==============================================================================================
2.3 / 3.13  what HiGHS does when the tolerance is set below its floor
==============================================================================================
  tolerance None    success=True  objective=0.7897462818658384
  tolerance 1e-07   success=True  objective=0.7897462818658384
  tolerance 1e-10   success=True  objective=0.7897462818658384
  tolerance 1e-11   success=True  objective=0.7897462818658384   <== rejected: Invalid option value
  tolerance 1e-12   success=True  objective=0.7897462818658384
  a rejected option leaves success True, so the failure is silent unless stderr is read

  Does a rejected option REVERT to the 1e-7 default, or hold the last valid setting?
  Tested on `copper`, whose margin (3.765e-08) is the one the default straddles: solve it
  under column permutations and count how many edge-slots move against the shipped order.
    tolerance None    edge-slots moving over 4 permutations: 8
    tolerance 1e-07   edge-slots moving over 4 permutations: 8
    tolerance 1e-08   edge-slots moving over 4 permutations: 0
    tolerance 1e-10   edge-slots moving over 4 permutations: 0
    tolerance 1e-11   edge-slots moving over 4 permutations: 8
    flip SET identity: unset == 1e-7: True ; rejected 1e-11 == unset: True ; 1e-8 == 1e-10 == empty: True
  A rejected value reproducing the DEFAULT's flip set exactly is the revert.

==============================================================================================
1.3  province-condition modifiers live at the 1444 start
==============================================================================================
  devastation  live on 11 counted province(s)
  prosperity   live on 0 counted province(s)   <== no input on this field
  under_siege  live on 0 counted province(s)   <== no input on this field
  occupied     live on 0 counted province(s)   <== no input on this field
  solver.LIVE_STATE_MODS = ('devastation',)
  solver.STATE_TAX_MOD   = {}   (empty: no modifier reaches the tax term)

==============================================================================================
1.6  the 22-node European scaling above x2.50: are both surviving ends western?
==============================================================================================
  swept x2.50 to x25.00 in steps of 0.25
  multiples where any of the eastern four holds an end: none
  so above x2.50 both surviving ends are western: True

==============================================================================================
2.3  the normalisation sweep with and without the pinned tolerance
==============================================================================================
  goods moving under w/mean, tolerance pinned at 1e-10 : 9
  goods moving under w/mean, tolerance left at default : 5
  the unpinned set is a strict subset of the pinned set: True

ROUND6 rc=0
